// Jest Snapshot v1, https://goo.gl/fbAQLP

exports[`useKeypress Test matches snapshot 1`] = `undefined`;
