// Jest Snapshot v1, https://goo.gl/fbAQLP

exports[`useOnClickOtside matches snapshot 1`] = `undefined`;
